// Jest Snapshot v1, https://goo.gl/fbAQLP

exports[`renders correctly 1`] = `
<div>
  <nav
    className="navbar"
  >
    <div
      className="wrapper"
    >
      <a
        href="/tools"
        onClick={[Function]}
      >
        Tools
      </a>
    </div>
  </nav>
  <main
    className="container"
  />
</div>
`;
